// Jest Snapshot v1, https://goo.gl/fbAQLP

exports[`Nested types compiles inputs 1`] = `
"export function SomethingSchema(): yup.SchemaOf<Something> {
  return yup.object({
    str: yup.string().defined()
  })
}

export function OtherThingSchema(): yup.SchemaOf<OtherThing> {
  return yup.object({
    something: SomethingSchema().defined()
  })
}
"
`;

exports[`Nested types compiles types 1`] = `
"export function WhateverSchema(): yup.SchemaOf<Whatever> {
  return yup.object({
    __typename: yup.mixed().oneOf(['Whatever', undefined]),
    str: yup.string().defined(),
    num: yup.number().defined()
  })
}

export function RunningOutOfNamesSchema(): yup.SchemaOf<RunningOutOfNames> {
  return yup.object({
    __typename: yup.mixed().oneOf(['RunningOutOfNames', undefined]),
    whateverParam: WhateverSchema().defined(),
    num: yup.number().defined()
  })
}
"
`;
